d:\desktop\打印\bartenderclr\bartenderclr\x64\debug\bartenderclr.pch
d:\desktop\打印\bartenderclr\bartenderclr\x64\debug\vc143.pdb
d:\desktop\打印\bartenderclr\bartenderclr\x64\debug\pch.obj
d:\desktop\打印\bartenderclr\bartenderclr\x64\debug\bartendercppapi.obj
d:\desktop\打印\bartenderclr\bartenderclr\x64\debug\bartenderclr.obj
d:\desktop\打印\bartenderclr\bartenderclr\x64\debug\bartenderapi.obj
d:\desktop\打印\bartenderclr\bartenderclr\x64\debug\assemblyinfo.obj
d:\desktop\打印\bartenderclr\bartenderclr\x64\debug\.netframework,version=v4.7.2.assemblyattributes.obj
d:\desktop\打印\bartenderclr\x64\debug\bartenderclr.dll
d:\desktop\打印\bartenderclr\x64\debug\bartenderclr.pdb
d:\desktop\打印\bartenderclr\bartenderclr\x64\debug\bartenderclr.tlog\metagen.write.1.tlog
d:\desktop\打印\bartenderclr\bartenderclr\x64\debug\app.res
d:\desktop\打印\bartenderclr\x64\debug\bartenderclr.lib
d:\desktop\打印\bartenderclr\x64\debug\bartenderclr.exp
d:\desktop\打印\bartenderclr\bartenderclr\x64\debug\bartenderclr.tlog\cl.command.1.tlog
d:\desktop\打印\bartenderclr\bartenderclr\x64\debug\bartenderclr.tlog\cl.items.tlog
d:\desktop\打印\bartenderclr\bartenderclr\x64\debug\bartenderclr.tlog\cl.read.1.tlog
d:\desktop\打印\bartenderclr\bartenderclr\x64\debug\bartenderclr.tlog\cl.write.1.tlog
d:\desktop\打印\bartenderclr\bartenderclr\x64\debug\bartenderclr.tlog\link.command.1.tlog
d:\desktop\打印\bartenderclr\bartenderclr\x64\debug\bartenderclr.tlog\link.read.1.tlog
d:\desktop\打印\bartenderclr\bartenderclr\x64\debug\bartenderclr.tlog\link.secondary.1.tlog
d:\desktop\打印\bartenderclr\bartenderclr\x64\debug\bartenderclr.tlog\link.write.1.tlog
d:\desktop\打印\bartenderclr\bartenderclr\x64\debug\bartenderclr.tlog\metagen.read.1.tlog
d:\desktop\打印\bartenderclr\bartenderclr\x64\debug\bartenderclr.tlog\rc.command.1.tlog
d:\desktop\打印\bartenderclr\bartenderclr\x64\debug\bartenderclr.tlog\rc.read.1.tlog
d:\desktop\打印\bartenderclr\bartenderclr\x64\debug\bartenderclr.tlog\rc.write.1.tlog
d:\desktop\打印\bartenderclr\bartenderclr\x64\debug\bartenderclr.tlog\seagull.bartender.print.dll.metagen
